[info] No GPU chosen, selecting least used GPU. To select GPU explicitly please use CUDA_VISIBLE_DEVICES environment variable.
[info] Selected GPU: 0
/local/workspace/hailo_virtualenv/lib/python3.10/site-packages/torchvision/io/image.py:14: UserWarning: Failed to load image Python extension: 'Could not load this library: /local/workspace/hailo_virtualenv/lib/python3.10/site-packages/torchvision/image.so'If you don't plan on using image functionality from `torchvision.io`, you can ignore this warning. Otherwise, there might be something wrong with your environment. Did you have `libjpeg` or `libpng` installed before building `torchvision` from source?
  warn(
[36m<Hailo Model Zoo INFO> Start run for network segformer_b0_bn ...[0m
[36m<Hailo Model Zoo INFO> Initializing the hailo10h runner...[0m
segformer_b0_512x1024_bn.zip:   0%|          | 0.00/13.2M [00:00<?, ?B/s]segformer_b0_512x1024_bn.zip:   1%|          | 68.0k/13.2M [00:00<00:33, 405kB/s]segformer_b0_512x1024_bn.zip:   3%|▎         | 360k/13.2M [00:00<00:09, 1.40MB/s]segformer_b0_512x1024_bn.zip:   6%|▌         | 768k/13.2M [00:00<00:06, 2.17MB/s]segformer_b0_512x1024_bn.zip:  23%|██▎       | 3.03M/13.2M [00:00<00:01, 8.36MB/s]segformer_b0_512x1024_bn.zip:  47%|████▋     | 6.23M/13.2M [00:00<00:00, 14.5MB/s]segformer_b0_512x1024_bn.zip:  87%|████████▋ | 11.5M/13.2M [00:00<00:00, 24.0MB/s]segformer_b0_512x1024_bn.zip: 100%|██████████| 13.2M/13.2M [00:00<00:00, 16.6MB/s]
[info] Translation started on ONNX model segformer_b0_bn
Traceback (most recent call last):
  File "/local/workspace/hailo_virtualenv/bin/hailomz", line 10, in <module>
    sys.exit(main())
  File "/local/workspace/hailo_model_zoo/hailo_model_zoo/hailo_model_zoo/main.py", line 122, in main
    run(args)
  File "/local/workspace/hailo_model_zoo/hailo_model_zoo/hailo_model_zoo/main.py", line 111, in run
    return handlers[args.command](args)
  File "/local/workspace/hailo_model_zoo/hailo_model_zoo/hailo_model_zoo/main_driver.py", line 256, in compile
    _ensure_optimized(runner, logger, args, network_info)
  File "/local/workspace/hailo_model_zoo/hailo_model_zoo/hailo_model_zoo/main_driver.py", line 74, in _ensure_optimized
    _ensure_parsed(runner, logger, network_info, args)
  File "/local/workspace/hailo_model_zoo/hailo_model_zoo/hailo_model_zoo/main_driver.py", line 116, in _ensure_parsed
    parse_model(runner, network_info, ckpt_path=args.ckpt_path, results_dir=args.results_dir, logger=logger)
  File "/local/workspace/hailo_model_zoo/hailo_model_zoo/hailo_model_zoo/core/main_utils.py", line 129, in parse_model
    raise Exception(f"Encountered error during parsing: {err}") from None
Exception: Encountered error during parsing: [Errno 2] No such file or directory: '/local/shared_with_docker/.hailomz/models_files/Segmentation/Cityscapes/segformer_b0_512x1024_bn/pretrained/2023-09-04/segformer_b0_512x1024_bn.onnx'
[info] No GPU chosen, selecting least used GPU. To select GPU explicitly please use CUDA_VISIBLE_DEVICES environment variable.
[info] Selected GPU: 0
/local/workspace/hailo_virtualenv/lib/python3.10/site-packages/torchvision/io/image.py:14: UserWarning: Failed to load image Python extension: 'Could not load this library: /local/workspace/hailo_virtualenv/lib/python3.10/site-packages/torchvision/image.so'If you don't plan on using image functionality from `torchvision.io`, you can ignore this warning. Otherwise, there might be something wrong with your environment. Did you have `libjpeg` or `libpng` installed before building `torchvision` from source?
  warn(
[36m<Hailo Model Zoo INFO> Start run for network segformer_b0_bn ...[0m
[36m<Hailo Model Zoo INFO> Initializing the runner...[0m
[info] Translation started on ONNX model segformer_b0_bn
Traceback (most recent call last):
  File "/local/workspace/hailo_virtualenv/bin/hailomz", line 10, in <module>
    sys.exit(main())
  File "/local/workspace/hailo_model_zoo/hailo_model_zoo/hailo_model_zoo/main.py", line 122, in main
    run(args)
  File "/local/workspace/hailo_model_zoo/hailo_model_zoo/hailo_model_zoo/main.py", line 111, in run
    return handlers[args.command](args)
  File "/local/workspace/hailo_model_zoo/hailo_model_zoo/hailo_model_zoo/main_driver.py", line 209, in parse
    parse_model(runner, network_info, ckpt_path=args.ckpt_path, results_dir=args.results_dir, logger=logger)
  File "/local/workspace/hailo_model_zoo/hailo_model_zoo/hailo_model_zoo/core/main_utils.py", line 129, in parse_model
    raise Exception(f"Encountered error during parsing: {err}") from None
Exception: Encountered error during parsing: [Errno 2] No such file or directory: '/local/shared_with_docker/.hailomz/models_files/Segmentation/Cityscapes/segformer_b0_512x1024_bn/pretrained/2023-09-04/segformer_b0_512x1024_bn.onnx'
