{
 "at_rest": {
  "slam_max_pos_m": 0.0125,
  "slam_max_head_deg": 0.4,
  "slam_final": [
   0.0125,
   0.0
  ],
  "odom_max_pos_m": 0.0,
  "odom_final": [
   0.0,
   0.0
  ]
 },
 "samples": 56,
 "blocked_moves": 12,
 "slam_max_pos_m": 0.0262,
 "slam_final_pos_m": 0.0125,
 "slam_max_head_deg": 3.998,
 "slam_final_head_deg": 0.0,
 "odom_final_pos_m": 0.0,
 "odom_max_pos_m": 0.0164,
 "odom_final_head_deg": 0.0,
 "largest_step_in_slam_error_m": 0.024900000000000002,
 "truth_end": {
  "usable": true,
  "source": "sim",
  "x_m": 1.8168700721612687,
  "y_m": 0.6512623417671278,
  "heading_deg": 89.0371
 },
 "map": {
  "occupied": 264,
  "occupied_within_10cm": 264,
  "precision": 1.0,
  "free": 1918,
  "free_inside_solid": 0,
  "free_bad_rate": 0.0
 },
 "drive": {
  "mode": "ros",
  "verbs_through_ros": 16,
  "wheel_posts_from_ros": 1170,
  "ros_up": true,
  "bridge_up": true,
  "ros_post_age_s": 0.002
 }
}
FORWARD       slam 0.010 m  -0.20 deg   odom 0.000 m  +0.00
FORWARD       slam 0.001 m  -0.20 deg   odom 0.000 m  +0.00
FORWARD       slam 0.002 m  -0.40 deg   odom 0.000 m  +0.00
RIGHT     90  slam 0.002 m  -0.40 deg   odom 0.000 m  +0.00
FORWARD       slam 0.002 m  -0.40 deg   odom 0.000 m  +0.00
FORWARD       slam 0.002 m  -0.40 deg   odom 0.000 m  +0.00
FORWARD       slam 0.002 m  -0.40 deg   odom 0.000 m  +0.00
FORWARD       slam 0.002 m  -0.40 deg   odom 0.000 m  +0.00
FORWARD       slam 0.002 m  -0.40 deg   odom 0.000 m  +0.00
LEFT      90  slam 0.002 m  -0.40 deg   odom 0.000 m  +0.00
FORWARD       slam 0.010 m  -0.20 deg   odom 0.000 m  +0.00
FORWARD       slam 0.004 m  -0.20 deg   odom 0.000 m  +0.00
RIGHT     90  slam 0.004 m  -0.20 deg   odom 0.000 m  +0.00
RIGHT     90  slam 0.004 m  -0.20 deg   odom 0.000 m  +0.00
FORWARD       slam 0.003 m  -0.20 deg   odom 0.000 m  +0.00
FORWARD       slam 0.003 m  -0.20 deg   odom 0.000 m  +0.00
RIGHT     90  slam 0.003 m  -0.20 deg   odom 0.000 m  +0.00
FORWARD       slam 0.013 m  +0.00 deg   odom 0.000 m  +0.00
FORWARD       slam 0.013 m  +0.00 deg   odom 0.000 m  +0.00
FORWARD       slam 0.013 m  +0.00 deg   odom 0.000 m  +0.00
FORWARD       slam 0.013 m  +0.00 deg   odom 0.000 m  +0.00
FORWARD       slam 0.013 m  +0.00 deg   odom 0.000 m  +0.00
LEFT      90  slam 0.013 m  +0.00 deg   odom 0.000 m  +0.00
FORWARD       slam 0.013 m  +0.00 deg   odom 0.000 m  +0.00
FORWARD       slam 0.013 m  +0.00 deg   odom 0.000 m  +0.00
FORWARD       slam 0.013 m  +0.00 deg   odom 0.000 m  +0.00
RIGHT     90  slam 0.013 m  +0.00 deg   odom 0.000 m  +0.00
RIGHT     90  slam 0.013 m  +0.00 deg   odom 0.000 m  +0.00
