{
 "at_rest": {
  "slam_max_pos_m": 0.0221,
  "slam_max_head_deg": 2.429,
  "slam_final": [
   0.016,
   0.228
  ],
  "odom_max_pos_m": 0.1926,
  "odom_final": [
   0.0875,
   -14.569
  ]
 },
 "samples": 56,
 "blocked_moves": 12,
 "slam_max_pos_m": 0.0243,
 "slam_final_pos_m": 0.016,
 "slam_max_head_deg": 3.911,
 "slam_final_head_deg": 0.228,
 "odom_final_pos_m": 0.0875,
 "odom_max_pos_m": 0.1926,
 "odom_final_head_deg": -14.569,
 "largest_step_in_slam_error_m": 0.015399999999999999,
 "truth_end": {
  "usable": true,
  "source": "sim",
  "x_m": 1.807610731520073,
  "y_m": 0.653636163047227,
  "heading_deg": 84.4639
 },
 "map": {
  "occupied": 260,
  "occupied_within_10cm": 260,
  "precision": 1.0,
  "free": 1914,
  "free_inside_solid": 0,
  "free_bad_rate": 0.0
 },
 "drive": {
  "mode": "ros",
  "verbs_through_ros": 16,
  "wheel_posts_from_ros": 1169,
  "ros_up": true,
  "bridge_up": true,
  "ros_post_age_s": 0.011
 }
}
FORWARD       slam 0.005 m  -0.54 deg   odom 0.009 m  -2.94
FORWARD       slam 0.012 m  -1.07 deg   odom 0.032 m  -5.87
FORWARD       slam 0.014 m  -1.00 deg   odom 0.069 m  -8.80
RIGHT     90  slam 0.013 m  +0.33 deg   odom 0.070 m  -7.47
FORWARD       slam 0.013 m  +0.33 deg   odom 0.070 m  -7.47
FORWARD       slam 0.013 m  +0.33 deg   odom 0.070 m  -7.47
FORWARD       slam 0.013 m  +0.33 deg   odom 0.070 m  -7.47
FORWARD       slam 0.013 m  +0.33 deg   odom 0.070 m  -7.47
FORWARD       slam 0.013 m  +0.33 deg   odom 0.070 m  -7.47
LEFT      90  slam 0.014 m  -1.00 deg   odom 0.069 m  -8.80
FORWARD       slam 0.020 m  -0.75 deg   odom 0.122 m -11.74
FORWARD       slam 0.020 m  -0.89 deg   odom 0.190 m -14.69
RIGHT     90  slam 0.020 m  +0.44 deg   odom 0.191 m -13.36
RIGHT     90  slam 0.022 m  +1.77 deg   odom 0.193 m -12.03
FORWARD       slam 0.011 m  -0.97 deg   odom 0.124 m -14.97
FORWARD       slam 0.017 m  -0.67 deg   odom 0.095 m -16.06
RIGHT     90  slam 0.018 m  +0.66 deg   odom 0.095 m -14.73
FORWARD       slam 0.018 m  -1.10 deg   odom 0.089 m -15.90
FORWARD       slam 0.018 m  -1.10 deg   odom 0.089 m -15.90
FORWARD       slam 0.018 m  -1.10 deg   odom 0.089 m -15.90
FORWARD       slam 0.018 m  -1.10 deg   odom 0.089 m -15.90
FORWARD       slam 0.018 m  -1.10 deg   odom 0.089 m -15.90
LEFT      90  slam 0.018 m  -2.43 deg   odom 0.090 m -17.23
FORWARD       slam 0.018 m  -2.43 deg   odom 0.090 m -17.23
FORWARD       slam 0.018 m  -2.43 deg   odom 0.090 m -17.23
FORWARD       slam 0.018 m  -2.43 deg   odom 0.090 m -17.23
RIGHT     90  slam 0.018 m  -1.10 deg   odom 0.089 m -15.90
RIGHT     90  slam 0.016 m  +0.23 deg   odom 0.087 m -14.57
