blue-bottle-20260907-142454/frame-0000.jpg vis=False p=0.000 3071ms
blue-bottle-20260907-142454/frame-0001.jpg vis=False p=0.000 3296ms
blue-bottle-20260907-142454/frame-0002.jpg vis=False p=0.000 3134ms
blue-bottle-20260907-142454/frame-0003.jpg vis=False p=0.000 3038ms
blue-bottle-20260907-142454/frame-0004.jpg vis=True p=0.583 3545ms
blue-bottle-20260907-142454/frame-0005.jpg vis=False p=0.000 3180ms
blue-bottle-20260907-142454/frame-0006.jpg vis=False p=0.000 3279ms
blue-bottle-20260907-142454/frame-0007.jpg vis=False p=0.000 3095ms
blue-bottle-20260907-142454/frame-0008.jpg vis=False p=0.000 3022ms
blue-bottle-20260907-142454/frame-0009.jpg vis=False p=0.000 3016ms
blue-bottle-20260907-142454/frame-0010.jpg vis=False p=0.000 3083ms
blue-bottle-20260907-142454/frame-0011.jpg vis=False p=0.000 3280ms
blue-bottle-20260907-142454/frame-0012.jpg vis=True p=0.691 3553ms
blue-bottle-20260907-142454/frame-0013.jpg vis=True p=0.862 3608ms
blue-bottle-20260907-142454/frame-0014.jpg vis=False p=0.000 3082ms
blue-bottle-20260907-142454/frame-0015.jpg vis=False p=0.000 3098ms
blue-bottle-20260907-142454/frame-0016.jpg vis=False p=0.000 3234ms
blue-bottle-20260907-142454/frame-0017.jpg vis=False p=0.000 3138ms
blue-bottle-20260907-142454/frame-0018.jpg vis=True p=0.760 3514ms
blue-bottle-20260907-142454/frame-0019.jpg vis=True p=0.725 3564ms
blue-bottle-20260907-142454/frame-0020.jpg vis=True p=0.875 3748ms
blue-bottle-20260907-142454/frame-0021.jpg vis=True p=0.812 3744ms
blue-bottle-20260907-142454/frame-0022.jpg vis=True p=0.728 3221ms
blue-bottle-20260907-142454/frame-0023.jpg vis=True p=0.893 3573ms
blue-bottle-20260907-142454/frame-0024.jpg vis=True p=0.906 3695ms
blue-bottle-20260907-142454/frame-0025.jpg vis=True p=0.743 3797ms
blue-bottle-20260907-142454/frame-0026.jpg vis=True p=0.859 3672ms
blue-bottle-20260907-142454/frame-0027.jpg vis=True p=0.838 3473ms
blue-bottle-20260907-142454/frame-0028.jpg vis=True p=0.843 3642ms
blue-bottle-20260907-142454/frame-0029.jpg vis=True p=0.812 3786ms
blue-bottle-20260907-142454/frame-0030.jpg vis=True p=0.837 3662ms
blue-bottle-20260907-142454/frame-0031.jpg vis=True p=0.788 3627ms
blue-bottle-20260907-142454/frame-0032.jpg vis=True p=0.862 3572ms
blue-bottle-20260907-185007/frame-0002.jpg vis=False p=0.000 3274ms
blue-bottle-20260907-185007/frame-0003.jpg vis=False p=0.000 3099ms
blue-bottle-20260907-185007/frame-0004.jpg vis=False p=0.000 3149ms
blue-bottle-20260907-185007/frame-0005.jpg vis=False p=0.000 3011ms
blue-bottle-20260907-185007/frame-0006.jpg vis=False p=0.000 3026ms
blue-bottle-20260907-185007/frame-0007.jpg vis=False p=0.000 3217ms
blue-bottle-20260907-185007/frame-0008.jpg vis=False p=0.000 3126ms
blue-bottle-20260907-185007/frame-0009.jpg vis=False p=0.000 3149ms
blue-bottle-20260907-185007/frame-0010.jpg vis=False p=0.000 3015ms
blue-bottle-20260907-185007/frame-0011.jpg vis=False p=0.000 3025ms
blue-bottle-20260907-185007/frame-0012.jpg vis=False p=0.000 3079ms
blue-bottle-20260907-185007/frame-0013.jpg vis=False p=0.000 3266ms
blue-bottle-20260907-185007/frame-0014.jpg vis=False p=0.000 3079ms
blue-bottle-20260907-185007/frame-0015.jpg vis=False p=0.000 3064ms
blue-bottle-20260907-185007/frame-0016.jpg vis=False p=0.000 3022ms
blue-bottle-20260907-185007/frame-0017.jpg vis=False p=0.000 3090ms
blue-bottle-20260907-185007/frame-0018.jpg vis=False p=0.000 3293ms
blue-bottle-20260907-185007/frame-0019.jpg vis=False p=0.002 3085ms
blue-bottle-20260907-185007/frame-0020.jpg vis=False p=0.001 2981ms
blue-bottle-20260907-185007/frame-0021.jpg vis=False p=0.000 2975ms
blue-bottle-20260907-185007/frame-0022.jpg vis=False p=0.000 3046ms
blue-bottle-20260907-185007/frame-0023.jpg vis=False p=0.000 3225ms
blue-bottle-20260907-185007/frame-0024.jpg vis=False p=0.000 3117ms
blue-bottle-20260907-185007/frame-0025.jpg vis=False p=0.000 3017ms
blue-bottle-20260907-185007/frame-0026.jpg vis=False p=0.000 3011ms
blue-bottle-20260907-185007/frame-0027.jpg vis=False p=0.000 3096ms
blue-bottle-20260907-185007/frame-0028.jpg vis=False p=0.000 3177ms
blue-bottle-20260907-185007/frame-0029.jpg vis=False p=0.000 3165ms
blue-bottle-20260907-185007/frame-0030.jpg vis=False p=0.000 3058ms
blue-bottle-20260907-185007/frame-0031.jpg vis=False p=0.000 3028ms
blue-bottle-20260907-185007/frame-0032.jpg vis=False p=0.000 3053ms
blue-bottle-20260907-185007/frame-0033.jpg vis=False p=0.000 3235ms
blue-bottle-20260907-185007/frame-0034.jpg vis=False p=0.000 3172ms
blue-bottle-20260907-185007/frame-0035.jpg vis=False p=0.000 3063ms
blue-bottle-20260907-185007/frame-0036.jpg vis=False p=0.000 3010ms
blue-bottle-20260907-185007/frame-0037.jpg vis=False p=0.000 3047ms
blue-bottle-20260907-185007/frame-0038.jpg vis=False p=0.000 3168ms
blue-bottle-20260907-185007/frame-0039.jpg vis=False p=0.000 3182ms
blue-bottle-20260907-185007/frame-0040.jpg vis=False p=0.000 3042ms
blue-bottle-20260907-185007/frame-0041.jpg vis=False p=0.000 3031ms
blue-bottle-20260907-185007/frame-0042.jpg vis=False p=0.000 3081ms
blue-bottle-20260907-185007/frame-0043.jpg vis=False p=0.001 3176ms
blue-bottle-20260907-185007/frame-0044.jpg vis=False p=0.001 3211ms
blue-bottle-20260907-185007/frame-0045.jpg vis=False p=0.000 3031ms
blue-bottle-20260907-185007/frame-0046.jpg vis=False p=0.000 3006ms
blue-bottle-20260907-185007/frame-0047.jpg vis=False p=0.000 3045ms
blue-bottle-20260907-185007/frame-0048.jpg vis=False p=0.000 3210ms
blue-bottle-20260907-185007/frame-0049.jpg vis=False p=0.000 3093ms
blue-bottle-20260907-185007/frame-0050.jpg vis=False p=0.000 3141ms
blue-bottle-20260907-185007/frame-0051.jpg vis=False p=0.000 3018ms
blue-bottle-20260907-185007/frame-0052.jpg vis=False p=0.000 3023ms
blue-bottle-20260907-185007/frame-0053.jpg vis=False p=0.000 3196ms
blue-bottle-20260907-185007/frame-0054.jpg vis=False p=0.000 3132ms
blue-bottle-20260907-185007/frame-0055.jpg vis=False p=0.000 3125ms
blue-bottle-20260907-185007/frame-0056.jpg vis=False p=0.000 3023ms
blue-bottle-20260907-185007/frame-0057.jpg vis=False p=0.000 3008ms
blue-bottle-20260907-185007/frame-0058.jpg vis=False p=0.000 3067ms
blue-bottle-20260907-185007/frame-0059.jpg vis=False p=0.001 3259ms
blue-bottle-20260907-185007/frame-0060.jpg vis=False p=0.000 3080ms
blue-bottle-20260907-185007/frame-0061.jpg vis=False p=0.002 3055ms
blue-bottle-20260907-185007/frame-0062.jpg vis=False p=0.002 3013ms
blue-bottle-20260907-185007/frame-0063.jpg vis=False p=0.001 3059ms
blue-bottle-20260907-185007/frame-0064.jpg vis=False p=0.000 3278ms
blue-bottle-20260907-185007/frame-0065.jpg vis=False p=0.000 3132ms
blue-bottle-20260907-185007/frame-0066.jpg vis=False p=0.001 3033ms
blue-bottle-20260907-185007/frame-0067.jpg vis=False p=0.003 3027ms
blue-bottle-20260907-185007/frame-0068.jpg vis=False p=0.000 3064ms
blue-bottle-20260907-185007/frame-0069.jpg vis=False p=0.000 3293ms
blue-bottle-20260907-185007/frame-0070.jpg vis=False p=0.001 3092ms
blue-bottle-20260907-185007/frame-0071.jpg vis=False p=0.000 2991ms
blue-bottle-20260907-185007/frame-0072.jpg vis=False p=0.000 2933ms
blue-bottle-20260907-185007/frame-0073.jpg vis=False p=0.000 3049ms
blue-bottle-20260907-185007/frame-0074.jpg vis=False p=0.000 3246ms
blue-bottle-20260907-185007/frame-0075.jpg vis=False p=0.000 3177ms
blue-bottle-20260907-185007/frame-0076.jpg vis=False p=0.000 3052ms
blue-bottle-20260907-185007/frame-0077.jpg vis=False p=0.000 3015ms
blue-bottle-20260907-185007/frame-0078.jpg vis=False p=0.000 3054ms
blue-bottle-20260907-185007/frame-0079.jpg vis=False p=0.000 3194ms
blue-bottle-20260907-185007/frame-0080.jpg vis=False p=0.001 3167ms
blue-bottle-20260907-185007/frame-0081.jpg vis=False p=0.002 3064ms
blue-bottle-20260907-185007/frame-0082.jpg vis=False p=0.000 3015ms
blue-bottle-20260907-185007/frame-0083.jpg vis=False p=0.000 3054ms
blue-bottle-20260907-185007/frame-0084.jpg vis=False p=0.000 3170ms
blue-bottle-20260907-185007/frame-0085.jpg vis=False p=0.000 3219ms
blue-bottle-20260907-185007/frame-0086.jpg vis=False p=0.000 3032ms
blue-bottle-20260907-185007/frame-0087.jpg vis=False p=0.000 3016ms
blue-bottle-20260907-185007/frame-0088.jpg vis=False p=0.000 3050ms
blue-bottle-20260907-185007/frame-0089.jpg vis=False p=0.002 3198ms
blue-bottle-20260907-185007/frame-0090.jpg vis=False p=0.002 3194ms
blue-bottle-20260907-185007/frame-0091.jpg vis=False p=0.000 3073ms
blue-bottle-20260907-185007/frame-0092.jpg vis=False p=0.000 3008ms
blue-bottle-20260907-185007/frame-0093.jpg vis=False p=0.000 3045ms
blue-bottle-20260907-185007/frame-0095.jpg vis=False p=0.000 3188ms
blue-bottle-20260907-185007/frame-0096.jpg vis=False p=0.000 3109ms
blue-bottle-20260907-185007/frame-0097.jpg vis=False p=0.002 3147ms
blue-bottle-20260907-185007/frame-0098.jpg vis=False p=0.003 3013ms
blue-bottle-20260907-185007/frame-0099.jpg vis=False p=0.000 3009ms
blue-bottle-20260907-185007/frame-0100.jpg vis=False p=0.000 3142ms
blue-bottle-20260907-185007/frame-0101.jpg vis=False p=0.002 3196ms
blue-bottle-20260907-185007/frame-0102.jpg vis=False p=0.925 3566ms
blue-bottle-20260907-185007/frame-0103.jpg vis=False p=0.001 3106ms
blue-bottle-20260907-185007/frame-0104.jpg vis=False p=0.001 3010ms
blue-bottle-20260907-185007/frame-0105.jpg vis=False p=0.001 3205ms
blue-bottle-20260907-185007/frame-0106.jpg vis=False p=0.000 3127ms
blue-bottle-20260907-185007/frame-0107.jpg vis=False p=0.000 3112ms
blue-bottle-20260907-185007/frame-0108.jpg vis=False p=0.000 3015ms
blue-bottle-20260907-185007/frame-0109.jpg vis=False p=0.000 3012ms
blue-bottle-20260907-185007/frame-0110.jpg vis=False p=0.000 3053ms
blue-bottle-20260907-185007/frame-0111.jpg vis=False p=0.000 3243ms
blue-bottle-20260907-185007/frame-0112.jpg vis=False p=0.001 3125ms
blue-bottle-20260907-185007/frame-0113.jpg vis=False p=0.003 3041ms
blue-bottle-20260907-185007/frame-0114.jpg vis=False p=0.000 3011ms
blue-bottle-20260907-185007/frame-0115.jpg vis=False p=0.000 3066ms
blue-bottle-20260907-185007/frame-0116.jpg vis=False p=0.000 3280ms
blue-bottle-20260907-185007/frame-0117.jpg vis=False p=0.000 3087ms
blue-bottle-20260907-185007/frame-0118.jpg vis=False p=0.000 3030ms
blue-bottle-20260907-185007/frame-0119.jpg vis=False p=0.000 3023ms
blue-bottle-20260907-185007/frame-0120.jpg vis=False p=0.000 3109ms
blue-bottle-20260907-185007/frame-0121.jpg vis=False p=0.000 3277ms
blue-bottle-20260907-185007/frame-0122.jpg vis=False p=0.000 3072ms
blue-bottle-20260907-185007/frame-0123.jpg vis=False p=0.000 2993ms
blue-bottle-20260907-185007/frame-0124.jpg vis=False p=0.000 2993ms
blue-bottle-20260907-185007/frame-0125.jpg vis=False p=0.000 3054ms
blue-bottle-20260907-185007/frame-0126.jpg vis=False p=0.000 3243ms
blue-bottle-20260907-185007/frame-0127.jpg vis=False p=0.000 3113ms
blue-bottle-20260907-185007/frame-0128.jpg vis=False p=0.000 3071ms
blue-bottle-20260907-185007/frame-0129.jpg vis=False p=0.000 3014ms
blue-bottle-20260907-185007/frame-0130.jpg vis=False p=0.000 3045ms
blue-bottle-20260907-185007/frame-0131.jpg vis=False p=0.000 3189ms
blue-bottle-20260907-185007/frame-0132.jpg vis=False p=0.000 3190ms
blue-bottle-20260907-185007/frame-0133.jpg vis=False p=0.000 3035ms
blue-bottle-20260907-185007/frame-0134.jpg vis=False p=0.000 3005ms
blue-bottle-20260907-185007/frame-0135.jpg vis=False p=0.000 3037ms
blue-bottle-20260907-185007/frame-0136.jpg vis=False p=0.000 3189ms
blue-bottle-20260907-185007/frame-0137.jpg vis=False p=0.000 3218ms
blue-bottle-20260907-185007/frame-0138.jpg vis=False p=0.000 3052ms
blue-bottle-20260907-185007/frame-0139.jpg vis=False p=0.000 3006ms
blue-bottle-20260907-185007/frame-0140.jpg vis=False p=0.000 3044ms
blue-bottle-20260907-185007/frame-0141.jpg vis=False p=0.000 3153ms
blue-bottle-20260907-185007/frame-0142.jpg vis=False p=0.000 3191ms
blue-bottle-20260907-185007/frame-0143.jpg vis=False p=0.000 3071ms
blue-bottle-20260907-185007/frame-0144.jpg vis=False p=0.000 3019ms
blue-bottle-20260907-185007/frame-0145.jpg vis=False p=0.000 3060ms
blue-bottle-20260907-185007/frame-0146.jpg vis=False p=0.000 3151ms
blue-bottle-20260907-185007/frame-0147.jpg vis=False p=0.000 3139ms
blue-bottle-20260907-185007/frame-0148.jpg vis=False p=0.000 3113ms
blue-bottle-20260907-185007/frame-0149.jpg vis=False p=0.000 3011ms
blue-bottle-20260907-185007/frame-0150.jpg vis=False p=0.000 3018ms
blue-bottle-20260907-185007/frame-0151.jpg vis=False p=0.000 3234ms
blue-bottle-20260907-185007/frame-0152.jpg vis=False p=0.000 3098ms
blue-bottle-20260907-185007/frame-0153.jpg vis=False p=0.000 3144ms
blue-bottle-20260907-185007/frame-0154.jpg vis=False p=0.000 3017ms
blue-bottle-20260907-185007/frame-0155.jpg vis=False p=0.000 2999ms
blue-bottle-20260907-185007/frame-0156.jpg vis=False p=0.000 3068ms
blue-bottle-20260907-185007/frame-0157.jpg vis=False p=0.000 3263ms
blue-bottle-20260907-185007/frame-0158.jpg vis=False p=0.000 3093ms
blue-bottle-20260907-185007/frame-0159.jpg vis=False p=0.000 3111ms
blue-bottle-20260907-185007/frame-0160.jpg vis=False p=0.000 3018ms
blue-bottle-20260907-185007/frame-0161.jpg vis=False p=0.000 3065ms
blue-bottle-20260907-185007/frame-0162.jpg vis=False p=0.000 3257ms
blue-bottle-20260907-185007/frame-0163.jpg vis=False p=0.000 3087ms
blue-bottle-20260907-185007/frame-0164.jpg vis=False p=0.000 3004ms
blue-bottle-20260907-185007/frame-0165.jpg vis=False p=0.000 2998ms
blue-bottle-20260907-185007/frame-0166.jpg vis=False p=0.000 3048ms
blue-bottle-20260907-185007/frame-0167.jpg vis=False p=0.000 3294ms
blue-bottle-20260907-185007/frame-0168.jpg vis=False p=0.000 3129ms
blue-bottle-20260907-185007/frame-0169.jpg vis=False p=0.000 3029ms
blue-bottle-20260907-185007/frame-0170.jpg vis=False p=0.000 3013ms
blue-bottle-20260907-185007/frame-0171.jpg vis=False p=0.000 3067ms
blue-bottle-20260907-185007/frame-0172.jpg vis=False p=0.000 3211ms
blue-bottle-20260907-185007/frame-0173.jpg vis=False p=0.000 3128ms
blue-bottle-20260907-185007/frame-0174.jpg vis=False p=0.000 3052ms
blue-bottle-20260907-185007/frame-0175.jpg vis=False p=0.000 3009ms
blue-bottle-20260907-185007/frame-0176.jpg vis=False p=0.000 3043ms
blue-bottle-20260907-185007/frame-0177.jpg vis=False p=0.000 3209ms
blue-bottle-20260907-185007/frame-0178.jpg vis=False p=0.000 3189ms
blue-bottle-20260907-185007/frame-0179.jpg vis=False p=0.000 3057ms
blue-bottle-20260907-185007/frame-0180.jpg vis=False p=0.000 3009ms
blue-bottle-20260907-185007/frame-0181.jpg vis=False p=0.000 3037ms
blue-bottle-20260907-185007/frame-0182.jpg vis=False p=0.000 3186ms
blue-bottle-20260907-185007/frame-0183.jpg vis=False p=0.000 3193ms
blue-bottle-20260907-185007/frame-0184.jpg vis=False p=0.000 3059ms
blue-bottle-20260907-185007/frame-0185.jpg vis=False p=0.000 3011ms
blue-bottle-20260907-185007/frame-0186.jpg vis=False p=0.000 3047ms
blue-bottle-20260907-185007/frame-0187.jpg vis=False p=0.000 3157ms
blue-bottle-20260907-185007/frame-0188.jpg vis=False p=0.000 3199ms
blue-bottle-20260907-185007/frame-0189.jpg vis=False p=0.000 3037ms
blue-bottle-20260907-185007/frame-0190.jpg vis=False p=0.000 3019ms
blue-bottle-20260907-185007/frame-0191.jpg vis=False p=0.000 3100ms
blue-bottle-20260907-185007/frame-0192.jpg vis=False p=0.000 3169ms
blue-bottle-20260907-185007/frame-0193.jpg vis=False p=0.000 3144ms
blue-bottle-20260907-185007/frame-0194.jpg vis=False p=0.000 3105ms
blue-bottle-20260907-185007/frame-0195.jpg vis=False p=0.000 3006ms
blue-bottle-20260907-185007/frame-0196.jpg vis=False p=0.000 3002ms
blue-bottle-20260907-185007/frame-0197.jpg vis=False p=0.000 3217ms
blue-bottle-20260907-185007/frame-0198.jpg vis=False p=0.000 3103ms
blue-bottle-20260907-185007/frame-0199.jpg vis=False p=0.000 3144ms
blue-bottle-20260907-185007/frame-0200.jpg vis=False p=0.000 3033ms
blue-bottle-20260907-185007/frame-0201.jpg vis=False p=0.000 3028ms
blue-bottle-20260907-185007/frame-0202.jpg vis=True p=0.000 3075ms
blue-bottle-20260907-185007/frame-0203.jpg vis=True p=0.830 3723ms
blue-bottle-20260907-185007/frame-0204.jpg vis=True p=0.695 3625ms
blue-bottle-20260907-185007/frame-0205.jpg vis=True p=0.835 3556ms
blue-bottle-20260907-185007/frame-0206.jpg vis=True p=0.866 3596ms
blue-bottle-20260907-185007/frame-0207.jpg vis=True p=0.889 3781ms
blue-bottle-20260907-185007/frame-0208.jpg vis=True p=0.893 3635ms
blue-bottle-20260907-185007/frame-0209.jpg vis=True p=0.836 3637ms
blue-bottle-20260907-185007/frame-0211.jpg vis=True p=0.771 3577ms
blue-bottle-20260907-185007/frame-0212.jpg vis=True p=0.001 3259ms
blue-shoes-20260907-152528/frame-0000.jpg vis=False p=0.000 3096ms
blue-shoes-20260907-152528/frame-0001.jpg vis=False p=0.000 3167ms
blue-shoes-20260907-152528/frame-0002.jpg vis=False p=0.000 3013ms
blue-shoes-20260907-152528/frame-0003.jpg vis=False p=0.000 3025ms
blue-shoes-20260907-152528/frame-0004.jpg vis=True p=0.000 3189ms
blue-shoes-20260907-152528/frame-0005.jpg vis=True p=0.817 3616ms
blue-shoes-20260907-152528/frame-0006.jpg vis=False p=0.000 3196ms
blue-shoes-20260907-152528/frame-0007.jpg vis=True p=0.000 3022ms
blue-shoes-20260907-152528/frame-0008.jpg vis=True p=0.886 3517ms
blue-shoes-20260907-152528/frame-0009.jpg vis=True p=0.902 3675ms
blue-shoes-20260907-152528/frame-0010.jpg vis=True p=0.877 3727ms
blue-shoes-20260907-152528/frame-0011.jpg vis=True p=0.910 3631ms
blue-shoes-20260907-152528/frame-0012.jpg vis=True p=0.882 3570ms
blue-shoes-20260907-152528/frame-0013.jpg vis=True p=0.874 3747ms
blue-shoes-20260907-152528/frame-0014.jpg vis=True p=0.911 3657ms
blue-shoes-20260907-152528/frame-0015.jpg vis=True p=0.913 3630ms
blue-shoes-20260907-152528/frame-0016.jpg vis=True p=0.713 3534ms
blue-shoes-20260907-152528/frame-0017.jpg vis=False p=0.865 3588ms
blue-shoes-20260907-152528/frame-0018.jpg vis=True p=0.843 3837ms
red-backpack-20260907-144856/frame-0000.jpg vis=False p=0.000 3206ms
red-backpack-20260907-144856/frame-0001.jpg vis=False p=0.000 3025ms
red-backpack-20260907-144856/frame-0002.jpg vis=False p=0.000 3001ms
red-backpack-20260907-144856/frame-0003.jpg vis=True p=0.853 3584ms
red-backpack-20260907-144856/frame-0004.jpg vis=True p=0.795 3770ms
red-backpack-20260907-144856/frame-0005.jpg vis=False p=0.000 3199ms
red-backpack-20260907-144856/frame-0006.jpg vis=False p=0.000 3006ms
red-backpack-20260907-144856/frame-0007.jpg vis=True p=0.006 3021ms
red-backpack-20260907-144856/frame-0008.jpg vis=True p=0.837 3708ms
red-backpack-20260907-144856/frame-0009.jpg vis=True p=0.863 3735ms
red-backpack-20260907-144856/frame-0010.jpg vis=True p=0.898 3560ms
red-backpack-20260907-144856/frame-0011.jpg vis=True p=0.847 3540ms
red-backpack-20260907-144856/frame-0012.jpg vis=True p=0.918 3646ms
red-backpack-20260907-144856/frame-0013.jpg vis=True p=0.897 3829ms
red-backpack-20260907-144856/frame-0014.jpg vis=True p=0.624 3315ms
red-backpack-20260907-144856/frame-0015.jpg vis=True p=0.915 3561ms
red-backpack-20260907-144856/frame-0016.jpg vis=True p=0.817 3646ms
red-backpack-20260907-144856/frame-0017.jpg vis=True p=0.003 3239ms
red-backpack-20260907-144856/frame-0018.jpg vis=True p=0.003 3200ms
red-backpack-20260907-144856/frame-0019.jpg vis=True p=0.003 3104ms
red-backpack-20260907-144856/frame-0020.jpg vis=True p=0.834 3466ms
red-backpack-20260907-144856/frame-0021.jpg vis=True p=0.878 3606ms
red-backpack-20260907-144856/frame-0022.jpg vis=True p=0.915 3853ms
red-backpack-20260907-144856/frame-0023.jpg vis=True p=0.905 3682ms
red-backpack-20260907-144856/frame-0024.jpg vis=True p=0.831 3575ms
red-backpack-20260907-144856/frame-0025.jpg vis=True p=0.880 3598ms
red-backpack-20260907-144856/frame-0026.jpg vis=True p=0.882 3720ms
red-backpack-20260907-144856/frame-0027.jpg vis=True p=0.877 3743ms
red-backpack-20260907-144856/frame-0028.jpg vis=True p=0.681 3575ms
red-backpack-20260907-144856/frame-0029.jpg vis=True p=0.760 3587ms
red-backpack-20260907-144856/frame-0030.jpg vis=True p=0.820 3613ms
red-backpack-20260907-144856/frame-0031.jpg vis=True p=0.887 3781ms
red-backpack-20260907-144856/frame-0032.jpg vis=True p=0.907 3675ms
red-backpack-20260907-144856/frame-0033.jpg vis=True p=0.963 3523ms
red-backpack-20260907-144856/frame-0034.jpg vis=True p=0.922 3559ms
red-backpack-20260907-144856/frame-0035.jpg vis=True p=0.945 3843ms
red-backpack-20260907-144856/frame-0036.jpg vis=True p=0.962 3668ms
red-backpack-20260907-144856/frame-0037.jpg vis=True p=0.962 3569ms
{"latency_ms": {"n": 299, "p50": 3126.600916031748, "p90": 3636.5485769929364, "max": 3853.3647749572992}, "to_decision_ms": null, "memory_mb": {"available_before": 5261.1484375, "available_low": 296.80859375, "drop": 4964.33984375}, "noparse": 0, "object_replies": 68, "errors": 0}
