1791583326 5541
1791583327 5441
1791583328 5457
1791583329 5459
1791583330 5456
1791583331 5482
1791583332 5489
1791583333 5484
1791583334 5506
1791583335 5521
1791583336 5512
1791583337 5480
1791583339 5480
1791583340 5368
1791583341 5266
1791583342 5320
1791583343 5365
1791583344 3164
1791583345 4165
1791583346 3053
1791583347 2421
1791583348 2221
1791583349 1278
1791583350 1297
1791583351 559
1791583352 637
1791583353 495
1791583354 483
1791583355 474
1791583356 435
1791583357 435
1791583358 421
1791583359 395
1791583360 394
1791583361 394
1791583362 378
1791583363 377
1791583364 373
1791583365 360
1791583366 360
1791583367 360
1791583368 359
1791583369 356
1791583370 356
1791583371 355
1791583372 356
1791583373 356
1791583374 351
1791583375 350
1791583376 350
1791583377 350
1791583378 345
1791583379 341
1791583380 341
1791583381 340
1791583382 340
1791583383 340
1791583384 336
1791583385 336
1791583386 336
1791583387 336
1791583388 336
1791583389 337
1791583390 336
1791583391 336
1791583392 332
1791583393 332
1791583394 332
1791583395 336
1791583396 336
1791583397 335
1791583398 334
1791583399 332
1791583400 332
1791583401 332
1791583402 331
1791583403 331
1791583404 330
1791583405 330
1791583406 330
1791583407 330
1791583408 330
1791583409 328
1791583410 328
1791583411 328
1791583412 328
1791583413 327
1791583414 329
1791583415 329
1791583416 328
1791583417 328
1791583418 328
1791583419 327
1791583420 327
1791583421 327
1791583422 327
1791583423 327
1791583424 325
1791583425 325
1791583426 325
1791583427 325
1791583428 325
1791583429 325
1791583430 325
1791583431 324
1791583432 324
1791583433 324
1791583434 323
1791583435 323
1791583436 323
1791583437 323
1791583438 324
1791583439 324
1791583440 323
1791583441 323
1791583442 323
1791583443 323
1791583444 325
1791583445 325
1791583446 324
1791583447 324
1791583448 324
1791583449 324
1791583450 324
1791583451 324
1791583452 323
1791583453 323
1791583454 323
1791583455 322
1791583456 322
1791583457 325
1791583458 324
1791583459 323
1791583460 323
1791583461 323
1791583463 322
1791583464 322
1791583465 324
1791583466 323
1791583467 323
1791583468 323
1791583469 322
1791583470 321
1791583471 321
1791583472 321
1791583473 321
1791583474 321
1791583475 322
1791583476 322
1791583477 321
1791583478 321
1791583479 321
1791583480 319
1791583481 319
1791583482 319
1791583483 319
1791583484 319
1791583485 318
1791583486 318
1791583487 318
1791583488 318
1791583489 318
1791583490 319
1791583491 318
1791583492 318
1791583493 318
1791583494 316
1791583495 317
1791583496 316
1791583497 316
1791583498 316
1791583499 316
1791583500 315
1791583501 315
1791583502 315
1791583503 314
1791583504 314
1791583505 314
1791583506 314
1791583507 314
1791583508 314
1791583509 314
1791583510 312
1791583511 313
1791583512 312
1791583513 312
1791583514 312
1791583515 311
1791583516 311
1791583517 311
1791583518 311
1791583519 311
1791583520 312
1791583521 311
1791583522 311
1791583523 310
1791583524 309
1791583525 309
1791583526 308
1791583527 308
1791583528 308
1791583529 308
1791583530 307
1791583531 307
1791583532 307
1791583533 307
1791583534 307
1791583535 308
1791583536 307
1791583537 307
1791583538 307
1791583539 307
1791583540 306
1791583541 306
1791583542 306
1791583543 305
1791583544 305
1791583545 306
1791583546 306
1791583547 306
1791583548 305
1791583549 305
1791583550 306
1791583551 305
1791583552 305
1791583553 305
1791583554 305
1791583555 305
1791583556 305
1791583557 305
1791583558 305
1791583559 305
1791583560 306
1791583561 306
1791583562 306
1791583563 306
1791583564 306
1791583565 306
1791583566 306
1791583567 306
1791583568 306
1791583569 305
1791583570 305
1791583571 304
1791583572 305
1791583573 303
1791583574 303
1791583575 303
1791583576 302
1791583577 302
1791583578 302
1791583579 302
1791583580 305
1791583581 307
1791583582 306
1791583583 306
1791583584 306
1791583585 305
1791583586 305
1791583587 305
1791583589 305
1791583590 305
1791583591 304
1791583592 304
1791583593 304
1791583594 303
1791583595 304
1791583596 303
1791583597 302
1791583598 302
1791583599 302
1791583600 302
1791583601 301
1791583602 301
1791583603 301
1791583604 301
1791583605 300
1791583606 302
1791583607 302
1791583608 301
1791583609 301
1791583610 301
1791583611 299
1791583612 299
1791583613 299
1791583614 298
1791583615 298
1791583616 297
1791583617 297
1791583618 297
1791583619 297
1791583620 297
1791583621 298
1791583622 297
1791583623 297
1791583624 297
1791583625 297
1791583626 298
1791583627 298
1791583628 298
1791583629 298
1791583630 298
1791583631 297
1791583632 297
1791583633 297
1791583634 297
1791583635 296
1791583636 404
1791583637 404
1791583638 402
1791583639 401
1791583640 401
1791583641 401
1791583642 401
1791583643 401
1791583644 401
1791583645 401
1791583646 402
1791583647 399
1791583648 397
1791583649 397
1791583650 397
1791583651 397
1791583652 393
1791583653 393
1791583654 393
1791583655 393
1791583656 393
1791583657 393
1791583658 393
1791583659 393
1791583660 392
1791583661 392
1791583662 391
1791583663 391
1791583664 391
1791583665 391
1791583666 391
1791583667 390
1791583668 390
1791583669 390
1791583670 390
1791583671 390
1791583672 390
1791583673 390
1791583674 390
1791583675 390
1791583676 390
1791583677 390
1791583678 390
1791583679 390
1791583680 390
1791583681 389
1791583682 389
1791583683 387
1791583684 387
1791583685 387
1791583686 388
1791583687 387
1791583688 387
1791583689 388
1791583690 388
1791583691 387
1791583692 387
1791583693 387
1791583694 387
1791583695 387
1791583696 387
1791583697 387
1791583698 387
1791583699 387
1791583700 387
1791583701 387
1791583702 386
1791583703 386
1791583704 385
1791583705 385
1791583706 385
1791583707 385
1791583708 385
1791583709 420
1791583710 415
1791583711 414
1791583712 410
1791583713 407
1791583715 407
1791583716 407
1791583717 406
1791583718 404
1791583719 404
1791583720 397
1791583721 397
1791583722 395
1791583723 393
1791583724 393
1791583725 393
1791583726 393
1791583727 393
1791583728 393
1791583729 392
1791583730 392
1791583731 392
1791583732 392
1791583733 392
1791583734 392
1791583735 392
1791583736 392
1791583737 392
1791583738 391
1791583739 391
1791583740 391
1791583741 391
1791583742 391
1791583743 391
1791583744 391
1791583745 391
1791583746 391
1791583747 391
1791583748 391
1791583749 391
1791583750 389
1791583751 389
1791583752 390
1791583753 389
1791583754 389
1791583755 389
1791583756 389
1791583757 389
1791583758 388
1791583759 387
1791583760 387
1791583761 387
1791583762 387
1791583763 387
1791583764 387
1791583765 387
1791583766 387
1791583767 387
1791583768 388
1791583769 386
1791583770 386
1791583771 410
1791583772 409
1791583773 403
1791583774 401
1791583775 401
1791583776 399
1791583777 398
1791583778 396
1791583779 395
1791583780 395
1791583781 409
1791583782 405
1791583783 402
1791583784 401
1791583785 399
1791583786 398
1791583787 398
1791583788 400
1791583789 397
1791583790 397
1791583791 395
1791583792 395
1791583793 395
1791583794 395
1791583795 395
1791583796 394
1791583797 393
1791583798 390
1791583799 390
1791583800 389
1791583801 389
1791583802 389
1791583803 388
1791583804 387
1791583805 387
1791583806 387
1791583807 387
1791583808 385
1791583809 385
1791583810 384
1791583811 384
1791583812 384
1791583813 383
1791583814 383
1791583815 383
1791583816 383
1791583817 380
1791583818 380
1791583819 378
1791583820 378
1791583821 378
1791583822 378
1791583823 378
1791583824 378
1791583825 378
1791583826 378
1791583827 377
1791583828 377
1791583829 377
1791583830 377
1791583831 377
1791583832 377
1791583833 379
1791583834 379
1791583835 378
1791583836 378
1791583837 378
1791583838 379
1791583839 377
1791583840 377
1791583841 377
1791583843 404
1791583844 395
1791583845 395
1791583846 393
1791583847 390
1791583848 390
1791583849 389
1791583850 389
1791583851 385
1791583852 384
1791583853 399
1791583854 391
1791583855 390
1791583856 390
1791583857 390
1791583858 390
1791583859 385
1791583860 385
1791583861 385
1791583862 385
1791583863 385
1791583864 384
1791583865 385
1791583866 385
1791583867 382
1791583868 382
1791583869 382
1791583870 381
1791583871 382
1791583872 381
1791583873 380
1791583874 377
1791583875 377
1791583876 377
1791583877 377
1791583878 377
1791583879 377
1791583880 377
1791583881 377
1791583882 377
1791583883 374
1791583884 374
1791583885 374
1791583886 374
1791583887 374
1791583888 374
1791583889 374
1791583890 373
1791583891 373
1791583892 373
1791583893 373
1791583894 373
1791583895 372
1791583896 372
1791583897 372
1791583898 372
1791583899 372
1791583900 372
1791583901 372
1791583902 372
1791583903 372
1791583904 371
1791583905 371
1791583906 372
1791583907 370
1791583908 370
1791583909 370
1791583910 370
1791583911 370
1791583912 370
1791583913 370
1791583914 395
1791583915 392
1791583916 386
1791583917 382
1791583918 382
1791583919 383
1791583920 381
1791583921 381
1791583922 381
1791583923 381
1791583924 395
1791583925 390
1791583926 389
1791583927 387
1791583928 387
1791583929 379
1791583930 379
1791583931 379
1791583932 379
1791583933 381
1791583934 377
1791583935 377
1791583936 377
1791583937 377
1791583938 377
1791583939 378
1791583940 377
1791583941 377
1791583942 377
1791583943 373
1791583944 372
1791583945 372
1791583946 372
1791583947 371
1791583948 370
1791583949 370
1791583950 375
1791583951 374
1791583952 373
1791583953 374
1791583954 373
1791583955 374
1791583956 372
1791583957 372
1791583958 372
1791583959 372
1791583960 372
1791583961 372
1791583962 372
1791583963 372
1791583965 372
1791583966 375
1791583967 374
1791583968 372
1791583969 373
1791583970 373
1791583971 375
1791583972 375
1791583973 375
1791583974 374
1791583975 374
1791583976 374
1791583977 373
1791583978 373
1791583979 371
1791583980 371
1791583981 374
1791583982 372
1791583983 372
1791583984 373
1791583985 372
1791583986 400
1791583987 394
1791583988 393
1791583989 393
1791583990 393
1791583991 391
1791583992 391
1791583993 390
1791583994 386
1791583995 386
1791583996 398
1791583997 393
1791583998 392
1791583999 388
1791584000 385
1791584001 384
1791584002 383
1791584003 379
1791584004 379
1791584005 379
1791584006 376
1791584007 375
1791584008 375
1791584009 375
1791584010 375
1791584011 374
1791584012 374
1791584013 374
1791584014 369
1791584015 369
1791584016 370
1791584017 370
1791584018 370
1791584019 370
1791584020 370
1791584021 366
1791584022 366
1791584023 366
1791584024 365
1791584025 366
1791584026 366
1791584027 366
1791584028 366
1791584029 366
1791584030 366
1791584031 365
1791584032 365
1791584033 365
1791584034 365
1791584035 365
1791584036 365
1791584037 365
1791584038 368
1791584039 367
1791584040 367
1791584041 368
1791584042 368
1791584043 368
1791584044 368
1791584045 368
1791584046 366
1791584047 362
1791584048 361
1791584049 361
1791584050 361
1791584051 361
1791584052 361
1791584053 360
1791584054 361
1791584055 360
1791584056 362
1791584057 393
1791584058 388
1791584059 383
1791584060 383
1791584061 379
1791584062 377
1791584063 378
1791584064 378
1791584065 377
1791584066 373
1791584067 394
1791584068 387
1791584069 382
1791584070 377
1791584071 375
1791584072 371
1791584073 367
1791584074 363
1791584075 363
1791584076 363
1791584077 363
1791584078 362
1791584079 362
1791584080 360
1791584081 362
1791584082 358
1791584083 358
1791584084 361
1791584085 359
1791584086 358
1791584087 358
1791584088 359
1791584089 358
1791584090 358
1791584091 358
1791584092 357
1791584093 357
1791584095 358
1791584096 357
1791584097 357
1791584098 357
1791584099 357
1791584100 357
1791584101 356
1791584102 356
1791584103 356
1791584104 356
1791584105 356
1791584106 356
1791584107 356
1791584108 356
1791584109 355
1791584110 355
1791584111 355
1791584112 355
1791584113 355
1791584114 355
1791584115 354
1791584116 354
1791584117 355
1791584118 355
1791584119 353
1791584120 353
1791584121 353
1791584122 353
1791584123 353
1791584124 354
1791584125 354
1791584126 354
1791584127 351
1791584128 351
1791584129 379
1791584130 377
1791584131 372
1791584132 371
1791584133 371
1791584134 371
1791584135 370
1791584136 366
1791584137 360
1791584138 358
1791584139 383
1791584140 381
1791584141 371
1791584142 367
1791584143 367
1791584144 363
1791584145 362
1791584146 360
1791584147 359
1791584148 359
1791584149 359
1791584150 359
1791584151 359
1791584152 358
1791584153 358
1791584154 358
1791584155 358
1791584156 358
1791584157 358
1791584158 356
1791584159 356
1791584160 356
1791584161 356
1791584162 355
1791584163 355
1791584164 355
1791584165 354
1791584166 354
1791584167 354
1791584168 354
1791584169 355
1791584170 356
1791584171 353
1791584172 353
1791584173 351
1791584174 350
1791584175 353
1791584176 351
1791584177 351
1791584178 352
1791584179 351
1791584180 351
1791584181 351
1791584182 350
1791584183 348
1791584184 348
1791584185 348
1791584186 348
1791584187 350
1791584188 350
1791584189 349
1791584190 348
1791584191 348
1791584192 347
1791584193 346
1791584194 346
1791584195 346
1791584196 346
1791584197 347
1791584198 347
1791584199 347
1791584200 376
1791584201 368
1791584202 360
1791584203 360
1791584204 357
1791584205 357
1791584206 357
1791584207 356
1791584208 355
1791584209 355
1791584210 353
1791584211 360
1791584212 356
1791584213 356
1791584214 356
1791584215 356
1791584217 356
1791584218 355
1791584219 355
1791584220 352
1791584221 355
1791584222 352
1791584223 353
1791584224 353
1791584225 353
1791584226 353
1791584227 349
1791584228 350
1791584229 351
1791584230 351
1791584231 351
1791584232 351
1791584233 350
1791584234 351
1791584235 351
1791584236 353
1791584237 352
1791584238 348
1791584239 352
1791584240 352
1791584241 352
1791584242 351
1791584243 351
1791584244 350
1791584245 350
1791584246 350
1791584247 350
1791584248 350
1791584249 352
1791584250 352
1791584251 351
1791584252 351
1791584253 351
1791584254 351
1791584255 351
1791584256 349
1791584257 349
1791584258 349
1791584259 351
1791584260 350
1791584261 347
1791584262 351
1791584263 350
1791584264 349
1791584265 349
1791584266 352
1791584267 351
1791584268 350
1791584269 349
1791584270 349
1791584271 349
1791584272 365
1791584273 360
1791584274 354
1791584275 356
1791584276 355
1791584277 353
1791584278 353
1791584279 352
1791584280 352
1791584281 352
1791584282 352
1791584283 360
1791584284 356
1791584285 355
1791584286 354
1791584287 354
1791584288 354
1791584289 351
1791584290 351
1791584291 352
1791584292 352
1791584293 351
1791584294 349
1791584295 350
1791584296 353
1791584297 352
1791584298 352
1791584299 350
1791584300 350
1791584301 349
1791584302 349
1791584303 350
1791584304 350
1791584305 350
1791584306 350
1791584307 350
1791584308 349
1791584309 349
1791584310 349
1791584311 349
1791584312 349
1791584313 349
1791584314 348
1791584315 348
1791584316 348
1791584317 348
1791584318 348
1791584319 346
1791584320 347
1791584321 347
1791584322 347
1791584323 347
1791584324 344
1791584325 3777
1791584326 3772
1791584327 3772
1791584328 3767
1791584329 3765
1791584330 3768
1791584331 3767
1791584332 3767
1791584333 3765
1791584334 3767
1791584335 3763
1791584336 3764
1791584337 3764
1791584338 3763
1791584340 3766
1791584341 3765
1791584342 3765
1791584343 3762
1791584344 3762
1791584345 3770
1791584346 3772
