17:02:38 hallway, north: succeeded 0.10 m
17:02:53 kitchen, through its door: succeeded 0.10 m
17:03:16 hallway, south: succeeded 0.09 m
17:03:32 bedroom, through its door: succeeded 0.09 m
17:03:59 study, across the hallway: succeeded 0.11 m
17:04:30 back to the start: succeeded 0.09 m
17:04:47 hallway, north: succeeded 0.10 m
17:05:02 kitchen, through its door: succeeded 0.10 m
17:05:26 hallway, south: succeeded 0.08 m
17:05:42 bedroom, through its door: succeeded 0.09 m
17:06:09 study, across the hallway: succeeded 0.11 m
17:06:40 back to the start: succeeded 0.09 m
17:06:57 hallway, north: succeeded 0.10 m
17:07:12 kitchen, through its door: succeeded 0.10 m
17:07:35 hallway, south: succeeded 0.09 m
17:07:51 bedroom, through its door: succeeded 0.09 m
17:08:18 study, across the hallway: succeeded 0.10 m
17:08:49 back to the start: succeeded 0.09 m
17:09:06 hallway, north: succeeded 0.10 m
17:09:22 kitchen, through its door: succeeded 0.10 m
17:09:45 hallway, south: succeeded 0.08 m
17:10:01 bedroom, through its door: succeeded 0.09 m
17:10:28 study, across the hallway: succeeded 0.10 m
17:10:59 back to the start: succeeded 0.09 m
17:11:16 hallway, north: succeeded 0.10 m
17:11:31 kitchen, through its door: succeeded 0.10 m
17:11:54 hallway, south: succeeded 0.08 m
17:12:10 bedroom, through its door: succeeded 0.08 m
17:12:37 study, across the hallway: succeeded 0.10 m
17:13:08 back to the start: succeeded 0.09 m
17:13:25 hallway, north: succeeded 0.10 m
17:13:40 kitchen, through its door: succeeded 0.10 m
17:14:04 hallway, south: succeeded 0.08 m
17:14:19 bedroom, through its door: succeeded 0.08 m
17:14:46 study, across the hallway: succeeded 0.10 m
17:15:17 back to the start: succeeded 0.09 m
17:15:34 hallway, north: succeeded 0.10 m
17:15:50 kitchen, through its door: succeeded 0.10 m
17:16:13 hallway, south: succeeded 0.08 m
17:16:29 bedroom, through its door: succeeded 0.09 m
17:16:56 study, across the hallway: succeeded 0.10 m
17:17:27 back to the start: succeeded 0.09 m
17:17:44 hallway, north: succeeded 0.10 m
17:17:59 kitchen, through its door: succeeded 0.10 m
17:18:23 hallway, south: succeeded 0.08 m
17:18:38 bedroom, through its door: succeeded 0.09 m
17:19:05 study, across the hallway: succeeded 0.10 m
goals 47/47 succeeded
