17:02:23 2880 0 0.0627
17:02:28 2963 0 0.064
17:02:33 3055 0 0.064
17:02:38 3136 0 0.064
17:02:43 3226 0 0.064
17:02:48 3319 0 0.064
17:02:53 3404 0 0.064
17:02:58 3497 0 0.064
17:03:03 3592 0 0.064
17:03:08 3684 0 0.064
17:03:13 3778 0 0.064
17:03:18 3857 0 0.064
17:03:23 3949 0 0.064
17:03:28 4039 0 0.064
17:03:33 4118 0 0.064
17:03:38 4208 0 0.064
17:03:44 4297 0 0.064
17:03:49 4390 0 0.064
17:03:54 4481 0 0.064
17:03:59 4565 0 0.064
17:04:04 4651 0 0.064
17:04:09 4741 0 0.0659
17:04:14 4833 0 0.0659
17:04:19 4927 0 0.0659
17:04:24 5019 0 0.0659
17:04:29 5113 0 0.0659
17:04:34 5197 0 0.0659
17:04:39 5293 0 0.0659
17:04:44 5386 0 0.0659
17:04:49 5465 0 0.0659
17:04:54 5559 0 0.0659
17:04:59 5655 0 0.0659
17:05:04 5737 0 0.0659
17:05:09 5833 0 0.0659
17:05:15 5927 0 0.0659
17:05:20 6015 0 0.0659
17:05:25 6108 0 0.0659
17:05:30 6188 0 0.0659
17:05:35 6277 0 0.0659
17:05:40 6367 0 0.0659
17:05:45 6444 0 0.0659
17:05:50 6536 0 0.0659
17:05:55 6628 0 0.0659
17:06:00 6719 0 0.0659
17:06:05 6810 0 0.0659
17:06:10 6885 0 0.0659
17:06:15 6976 0 0.0659
17:06:20 7068 0 0.0659
17:06:25 7162 0 0.0659
17:06:30 7255 0 0.0659
17:06:35 7351 0 0.0659
17:06:40 7435 0 0.0659
17:06:46 7532 0 0.0659
17:06:51 7628 0 0.0659
17:06:56 7722 0 0.0659
17:07:01 7799 0 0.0659
17:07:06 7892 0 0.0659
17:07:11 7987 0 0.0659
17:07:16 8069 0 0.0659
17:07:21 8165 0 0.0659
17:07:26 8260 0 0.0659
17:07:31 8351 0 0.0659
17:07:36 8433 0 0.0659
17:07:41 8525 0 0.0659
17:07:46 8619 0 0.0659
17:07:51 8699 0 0.0659
17:07:56 8785 0 0.0664
17:08:01 8874 0 0.0664
17:08:06 8967 0 0.0664
17:08:11 9060 0 0.0664
17:08:17 9153 0 0.0664
17:08:22 9232 0 0.0664
17:08:27 9324 0 0.0664
17:08:32 9417 0 0.0664
17:08:37 9512 0 0.0664
17:08:42 9606 0 0.0664
17:08:47 9702 0 0.0664
17:08:52 9787 0 0.0664
17:08:57 9883 0 0.0664
17:09:02 9976 0 0.0664
17:09:07 10053 0 0.0664
17:09:12 10146 0 0.0664
17:09:17 10241 0 0.0664
17:09:22 10325 0 0.0664
17:09:27 10422 0 0.0664
17:09:32 10518 0 0.0664
17:09:37 10612 0 0.0664
17:09:42 10707 0 0.0664
17:09:48 10784 0 0.0664
17:09:53 10875 0 0.0664
17:09:58 10966 0 0.0664
17:10:03 11041 0 0.0664
17:10:08 11130 0 0.0664
17:10:13 11221 0 0.0664
17:10:18 11316 0 0.0664
17:10:23 11410 0 0.0664
17:10:28 11488 0 0.0664
17:10:33 11580 0 0.0664
17:10:38 11669 0 0.0664
17:10:43 11761 0 0.0664
17:10:48 11855 0 0.0664
17:10:53 11947 0 0.0664
17:10:58 12042 0 0.0664
17:11:03 12127 0 0.0664
17:11:08 12223 0 0.0664
17:11:14 12315 0 0.0664
17:11:19 12398 0 0.0664
17:11:24 12489 0 0.0664
17:11:29 12584 0 0.0664
17:11:34 12667 0 0.0664
17:11:39 12764 0 0.0664
17:11:44 12859 0 0.0664
17:11:49 12951 0 0.0664
17:11:54 13044 0 0.0664
17:11:59 13127 0 0.0664
17:12:04 13216 0 0.0664
17:12:09 13308 0 0.0664
17:12:14 13390 0 0.0664
17:12:19 13482 0 0.0664
17:12:24 13576 0 0.0664
17:12:29 13669 0 0.0664
17:12:34 13762 0 0.0664
17:12:39 13839 0 0.0664
17:12:45 13931 0 0.0664
17:12:50 14024 0 0.0664
17:12:55 14119 0 0.0664
17:13:00 14213 0 0.0664
17:13:05 14309 0 0.0664
17:13:10 14394 0 0.0664
17:13:15 14491 0 0.0664
17:13:20 14583 0 0.0664
17:13:25 14666 0 0.0664
17:13:30 14755 0 0.0664
17:13:35 14849 0 0.0664
17:13:40 14934 0 0.0664
17:13:45 15027 0 0.0664
17:13:50 15124 0 0.0664
17:13:55 15218 0 0.0664
17:14:00 15311 0 0.0664
17:14:05 15391 0 0.0664
17:14:10 15484 0 0.0664
17:14:16 15577 0 0.0664
17:14:21 15659 0 0.0664
17:14:26 15750 0 0.0664
17:14:31 15843 0 0.0664
17:14:36 15937 0 0.0664
17:14:41 16031 0 0.0664
17:14:46 16122 0 0.0664
17:14:51 16204 0 0.0664
17:14:56 16295 0 0.0664
17:15:01 16387 0 0.0664
17:15:06 16483 0 0.0664
17:15:11 16577 0 0.0673
17:15:16 16674 0 0.0673
17:15:21 16760 0 0.0673
17:15:26 16855 0 0.0673
17:15:31 16949 0 0.0673
17:15:37 17030 0 0.0673
17:15:42 17124 0 0.0673
17:15:47 17221 0 0.0673
17:15:52 17306 0 0.0673
17:15:57 17401 0 0.0673
17:16:02 17494 0 0.0673
17:16:07 17588 0 0.0673
17:16:12 17682 0 0.0673
17:16:17 17760 0 0.0673
17:16:22 17853 0 0.0673
17:16:27 17945 0 0.0673
17:16:32 18021 0 0.0673
17:16:37 18111 0 0.0673
17:16:42 18201 0 0.0673
17:16:47 18297 0 0.0673
17:16:52 18388 0 0.0685
17:16:57 18467 0 0.0685
17:17:02 18558 0 0.0685
17:17:08 18649 0 0.0685
17:17:13 18743 0 0.0685
17:17:18 18836 0 0.0685
17:17:23 18931 0 0.0685
17:17:28 19013 0 0.0685
17:17:33 19111 0 0.0685
17:17:38 19205 0 0.0685
17:17:43 19297 0 0.0685
17:17:48 19374 0 0.0685
17:17:53 19468 0 0.0685
17:17:58 19564 0 0.0685
17:18:03 19646 0 0.0685
17:18:08 19743 0 0.0685
17:18:13 19837 0 0.0685
17:18:18 19931 0 0.0685
17:18:23 20012 0 0.0685
17:18:28 20107 0 0.0685
17:18:34 20194 0 0.0685
17:18:39 20271 0 0.0685
17:18:44 20361 0 0.0685
17:18:49 20452 0 0.0685
17:18:54 20547 0 0.0685
17:18:59 20640 0 0.0685
17:19:04 20731 0 0.0685
